<body>

<script src="https://litejs.com/litejs.full.min.js"></script>
<noscript>This application requires JavaScript</noscript>
<h1>LiteJS &lt;is> simple!</h1><hr><main><p>This is simple template rendered in browser.</p><p class="info">All content not under a `%view` will be rendered immediately.</p><p>Not actually &lt;!-- commented-out! --></p><dl><dt>Things to do</dt><dd>Inspect downloaded resources in the Developer Tools' Network tab.</dd><dd>View the source code of this web page.</dd><dd>Contribute on <a href="https://github.com/litejs/">GitHub</a>.</dd></dl></main><footer><hr><p><a href="https://github.com/litejs/ui/wiki">← Wiki</a><a href="routed.html" class="right">Next example with routed views →</a></p><p class="text-sm">Built with passion and a bit of JavaScript magic ✨</p></footer></body>